'1034220300210422332332XX0300XX2431231131002100020023'
