'11XX300300231030XX31XXXX0300XX3240311240002300020031'
