'1040230300220423342433200300203032241132002200020024'
